/Users/lumos/Jaljayo/ai/experiments/2026-09-29_lora_pilot/.venv/lib/python3.9/site-packages/urllib3/__init__.py:35: NotOpenSSLWarning: urllib3 v2 only supports OpenSSL 1.1.1+, currently the 'ssl' module is compiled with 'LibreSSL 2.8.3'. See: https://github.com/urllib3/urllib3/issues/3020
  warnings.warn(
Loading configuration file lora_config.yaml
Loading pretrained model
Loading datasets
Training
Trainable parameters: 0.456% (5.636M/1235.814M)
Starting training..., iters: 200
Calculating loss...:   0%|          | 0/8 [00:00<?, ?it/s]Calculating loss...:  12%|█▎        | 1/8 [00:00<00:02,  2.57it/s]Calculating loss...:  25%|██▌       | 2/8 [00:00<00:01,  3.73it/s]Calculating loss...:  38%|███▊      | 3/8 [00:00<00:01,  4.42it/s]Calculating loss...:  50%|█████     | 4/8 [00:01<00:00,  4.19it/s]Calculating loss...:  62%|██████▎   | 5/8 [00:01<00:00,  4.64it/s]Calculating loss...:  75%|███████▌  | 6/8 [00:01<00:00,  4.95it/s]Calculating loss...:  88%|████████▊ | 7/8 [00:01<00:00,  4.56it/s]Calculating loss...: 100%|██████████| 8/8 [00:01<00:00,  3.88it/s]Calculating loss...: 100%|██████████| 8/8 [00:01<00:00,  4.10it/s]
Iter 1: Val loss 5.040, Val took 1.969s
Iter 10: Train loss 1.790, Learning Rate 5.000e-05, It/sec 1.964, Tokens/sec 554.448, Trained Tokens 2823, Peak mem 4.683 GB
Iter 20: Train loss 0.904, Learning Rate 5.000e-05, It/sec 2.256, Tokens/sec 574.717, Trained Tokens 5371, Peak mem 4.683 GB
Iter 30: Train loss 0.616, Learning Rate 5.000e-05, It/sec 2.346, Tokens/sec 578.190, Trained Tokens 7836, Peak mem 4.683 GB
Iter 40: Train loss 0.501, Learning Rate 5.000e-05, It/sec 2.255, Tokens/sec 606.110, Trained Tokens 10524, Peak mem 4.683 GB
Iter 50: Train loss 0.307, Learning Rate 5.000e-05, It/sec 2.134, Tokens/sec 578.874, Trained Tokens 13236, Peak mem 4.683 GB
Iter 60: Train loss 0.259, Learning Rate 5.000e-05, It/sec 2.160, Tokens/sec 574.669, Trained Tokens 15896, Peak mem 4.683 GB
Iter 70: Train loss 0.362, Learning Rate 5.000e-05, It/sec 2.339, Tokens/sec 585.698, Trained Tokens 18400, Peak mem 4.683 GB
Iter 80: Train loss 0.236, Learning Rate 5.000e-05, It/sec 2.109, Tokens/sec 549.754, Trained Tokens 21007, Peak mem 4.683 GB
Iter 90: Train loss 0.188, Learning Rate 5.000e-05, It/sec 2.258, Tokens/sec 607.953, Trained Tokens 23700, Peak mem 4.683 GB
Iter 100: Train loss 0.224, Learning Rate 5.000e-05, It/sec 2.051, Tokens/sec 546.299, Trained Tokens 26364, Peak mem 4.683 GB
Iter 110: Train loss 0.213, Learning Rate 5.000e-05, It/sec 2.259, Tokens/sec 560.943, Trained Tokens 28847, Peak mem 4.683 GB
Iter 120: Train loss 0.159, Learning Rate 5.000e-05, It/sec 2.260, Tokens/sec 593.101, Trained Tokens 31471, Peak mem 4.683 GB
Iter 130: Train loss 0.143, Learning Rate 5.000e-05, It/sec 1.919, Tokens/sec 524.055, Trained Tokens 34202, Peak mem 4.683 GB
Iter 140: Train loss 0.165, Learning Rate 5.000e-05, It/sec 2.050, Tokens/sec 534.599, Trained Tokens 36810, Peak mem 4.683 GB
Iter 150: Train loss 0.136, Learning Rate 5.000e-05, It/sec 1.856, Tokens/sec 529.997, Trained Tokens 39665, Peak mem 4.683 GB
Iter 160: Train loss 0.132, Learning Rate 5.000e-05, It/sec 2.338, Tokens/sec 577.925, Trained Tokens 42137, Peak mem 4.683 GB
Iter 170: Train loss 0.151, Learning Rate 5.000e-05, It/sec 2.044, Tokens/sec 553.069, Trained Tokens 44843, Peak mem 4.683 GB
Iter 180: Train loss 0.157, Learning Rate 5.000e-05, It/sec 2.307, Tokens/sec 570.256, Trained Tokens 47315, Peak mem 4.683 GB
Iter 190: Train loss 0.116, Learning Rate 5.000e-05, It/sec 2.056, Tokens/sec 548.383, Trained Tokens 49982, Peak mem 4.683 GB
Calculating loss...:   0%|          | 0/8 [00:00<?, ?it/s]Calculating loss...:  12%|█▎        | 1/8 [00:00<00:01,  5.31it/s]Calculating loss...:  25%|██▌       | 2/8 [00:00<00:01,  5.44it/s]Calculating loss...:  38%|███▊      | 3/8 [00:00<00:00,  5.45it/s]Calculating loss...:  50%|█████     | 4/8 [00:00<00:00,  4.69it/s]Calculating loss...:  62%|██████▎   | 5/8 [00:01<00:00,  4.33it/s]Calculating loss...:  75%|███████▌  | 6/8 [00:01<00:00,  3.70it/s]Calculating loss...:  88%|████████▊ | 7/8 [00:01<00:00,  3.73it/s]Calculating loss...: 100%|██████████| 8/8 [00:01<00:00,  4.13it/s]Calculating loss...: 100%|██████████| 8/8 [00:01<00:00,  4.28it/s]
Iter 200: Val loss 0.321, Val took 1.889s
Iter 200: Train loss 0.123, Learning Rate 5.000e-05, It/sec 2.294, Tokens/sec 585.979, Trained Tokens 52536, Peak mem 4.683 GB
Saved final weights to adapters/after/adapters.safetensors.
